[backblue.gif]
[fade.gif]
[index.html]
[www.geraldcats.com/favicon.ico]
[www.geraldcats.com/js/jquery-1.11.3.min.js]
[www.geraldcats.com/js/jquery.easing.1.3.js]
[www.geraldcats.com/js/jquery.mmenu.all.js]
[www.doing-housework.com/store_image/gerald/L166001114397.png]
[www.doing-housework.com/store_image/gerald/A1166063237781.jpg]
[www.doing-housework.com/store_image/gerald/B2166063237826.jpg]
[www.geraldcats.com/js/swiper.min2.js]
[pic03.eapple.com.tw/yk_js_web/jquery-1.11.3.min.js]
[pic03.eapple.com.tw/yk_js_web/scrollfade.js]
[pic03.eapple.com.tw/gerald/lg_bg1.jpg]
[pic03.eapple.com.tw/gerald/lg_bg2.jpg]
[pic03.eapple.com.tw/gerald/lg_bg5.jpg]
[pic03.eapple.com.tw/gerald/lg_btn1.png]
[pic03.eapple.com.tw/gerald/lg_btn2.png]
[pic03.eapple.com.tw/gerald/lg_btn3.png]
[pic03.eapple.com.tw/gerald/lg_btnrrr.png]
[pic03.eapple.com.tw/gerald/lg_img1.png]
[pic03.eapple.com.tw/gerald/lg_titi1.png]
[pic03.eapple.com.tw/gerald/lg_img2.png]
[pic03.eapple.com.tw/gerald/lg_popo.png]
[pic03.eapple.com.tw/gerald/lg_img3.png]
[pic03.eapple.com.tw/gerald/lg_img4.png]
[pic03.eapple.com.tw/gerald/lg_img5.png]
[pic03.eapple.com.tw/gerald/lg_titi2.png]
[pic03.eapple.com.tw/gerald/lg_img6.png]
[pic03.eapple.com.tw/gerald/lg_titi3.png]
[pic03.eapple.com.tw/gerald/lg_img7.png]
[pic03.eapple.com.tw/gerald/lg_img8.png]
[pic03.eapple.com.tw/gerald/lg_img9.png]
[pic03.eapple.com.tw/gerald/lg_titi4.png]
[pic03.eapple.com.tw/gerald/lg_4-1.png]
[pic03.eapple.com.tw/gerald/lg_4-2.png]
[pic03.eapple.com.tw/gerald/lg_4-3.png]
[pic03.eapple.com.tw/gerald/lg_4-4.png]
[pic03.eapple.com.tw/gerald/lg_st.png]
[pic03.eapple.com.tw/gerald/lg_titi5.png]
[pic03.eapple.com.tw/gerald/lg_titi6.png]
[pic03.eapple.com.tw/gerald/lg_img10.png]
[pic03.eapple.com.tw/gerald/line.png]
[pic03.eapple.com.tw/gerald/phone.png]
[pic03.eapple.com.tw/gerald/fb.png]
[www.geraldcats.com/js/main.js]
[www.geraldcats.com/js/menu_v2_2020.js]
[www.geraldcats.com/index.html]
[www.geraldcats.com/css/normalize.css]
[www.geraldcats.com/fonts/fontawesome-webfont3e6e.eot]
[www.geraldcats.com/fonts/fontawesome-webfontd41d.eot]
[www.geraldcats.com/fonts/fontawesome-webfont3e6e.woff]
[www.geraldcats.com/fonts/fontawesome-webfont3e6e.ttf]
[www.geraldcats.com/css/font-awesome.min.css]
[www.geraldcats.com/css/animate.min.css]
[www.geraldcats.com/css/jquery.bxslider.css]
[www.geraldcats.com/images/smallBanner1.png]
[www.geraldcats.com/images/smallBanner2.png]
[www.geraldcats.com/images/smallBanner3.png]
[www.geraldcats.com/images/smallBanner4.png]
[www.geraldcats.com/images/smallBanner6.png]
[www.geraldcats.com/images/last_AC.png]
[www.geraldcats.com/images/next_AC.png]
[www.geraldcats.com/images/circle.png]
[www.geraldcats.com/images/circle_ok.png]
[www.geraldcats.com/images/check.png]
[www.geraldcats.com/images/check_ok.png]
[www.geraldcats.com/images/big_check.png]
[www.geraldcats.com/images/big_check_ok.png]
[www.geraldcats.com/images/select_arrow.png]
[www.geraldcats.com/images/simple_left.png]
[www.geraldcats.com/images/simple_right.png]
[www.geraldcats.com/images/separateTitle.png]
[www.geraldcats.com/images/mem_bg.png]
[www.geraldcats.com/images/mem_btn_img1.png]
[www.geraldcats.com/images/mem_btn_img2.png]
[www.geraldcats.com/images/mem_btn_img3.png]
[www.geraldcats.com/images/mem_btn_img4.png]
[www.geraldcats.com/images/mem_btn_img5.png]
[www.geraldcats.com/images/mem_btn_h_img1.png]
[www.geraldcats.com/images/mem_btn_h_img2.png]
[www.geraldcats.com/images/mem_btn_h_img3.png]
[www.geraldcats.com/images/mem_btn_h_img4.png]
[www.geraldcats.com/images/mem_btn_h_img5.png]
[www.geraldcats.com/images/mem_icon2.png]
[www.geraldcats.com/images/mem_icon3.png]
[www.geraldcats.com/images/img_search.png]
[www.geraldcats.com/css/menu.css]
[www.geraldcats.com/images/search-icon.png]
[www.geraldcats.com/css/menu_v2_2020.css]
[www.geraldcats.com/css/swiper.min.css]
[www.geraldcats.com/css/main.css]
[pic03.eapple.com.tw/gerald/banner.jpg]
[pic03.eapple.com.tw/gerald/menu-d.png]
[www.geraldcats.com/css/custom.css]
[www.geraldcats.com/include/store.js]
[www.doing-housework.com/store_image/gerald/E1660281241626.jpg]
[www.doing-housework.com/store_image/gerald/E1660281187461.jpg]
[www.doing-housework.com/store_image/gerald/E1660281147211.jpg]
[www.doing-housework.com/store_image/gerald/E1660276797881.jpg]
[www.doing-housework.com/store_image/gerald/E1660276684911.jpg]
[www.doing-housework.com/store_image/gerald/E1660276654821.jpg]
[www.doing-housework.com/store_image/gerald/E1660616846501.jpg]
[www.doing-housework.com/store_image/gerald/E1660276560541.jpg]
[www.doing-housework.com/store_image/gerald/E1660276523461.jpg]
[www.doing-housework.com/store_image/gerald/E1660276465221.jpg]
[www.doing-housework.com/store_image/gerald/E1660115348821.jpg]
[www.geraldcats.com/products/index0422.html]
[www.geraldcats.com/products/index3d89.html]
[www.doing-housework.com/store_image/gerald/P1660116095471.jpg]
[www.doing-housework.com/store_image/gerald/P1660530057631.jpg]
[www.geraldcats.com/images/nopic.png]
[www.geraldcats.com/album/index48df.html]
[www.geraldcats.com/js/lightbox-plus-jquery.min.js]
[www.geraldcats.com/album/info7eb1.html]
[www.geraldcats.com/album/info0259.html]
[www.doing-housework.com/store_image/gerald/H166011634983.jpg]
[www.geraldcats.com/news/indexb04d.html]
[www.geraldcats.com/news/index3793.html]
[www.geraldcats.com/news/index16fa.html]
[www.geraldcats.com/paper/contact_index30f0.html]
[www.geraldcats.com/include/showrandimg.png]
[www.geraldcats.com/index-2.html]
[www.geraldcats.com/fonts/fontawesome-webfont3e6e.html]
[www.geraldcats.com/fonts/fontawesome-webfont3e6e.svg]
[www.geraldcats.com/images/facebook-f.svg]
[www.geraldcats.com/images/line.svg]
[www.geraldcats.com/images/smallBanner5.png]
[www.geraldcats.com/images/whatsapp.svg]
[www.geraldcats.com/images/envelope.svg]
[www.geraldcats.com/products/indexc660.php]
[www.geraldcats.com/products/indexd8ee.html]
[www.geraldcats.com/products/index83cd.html]
[www.geraldcats.com/js/jquery.bxslider.min.js]
[www.doing-housework.com/store_image/gerald/E1660281188383.jpg]
[www.doing-housework.com/store_image/gerald/E1660281189365.jpg]
[www.doing-housework.com/store_image/gerald/E1660281187972.jpg]
[www.doing-housework.com/store_image/gerald/E1660281188874.jpg]
[www.doing-housework.com/store_image/gerald/E1660281189856.jpg]
[www.doing-housework.com/store_image/gerald/E1660276523803.jpg]
[www.doing-housework.com/store_image/gerald/E1660276685263.jpg]
[www.doing-housework.com/store_image/gerald/E1660276561033.jpg]
[www.geraldcats.com/js/fixedsticky.js]
[www.geraldcats.com/js/product_ac.js]
[www.geraldcats.com/products/info6b27.html]
[www.doing-housework.com/store_image/gerald/E1660281148183.jpg]
[www.doing-housework.com/store_image/gerald/E1660281149145.jpg]
[www.doing-housework.com/store_image/gerald/E1660281147712.jpg]
[www.doing-housework.com/store_image/gerald/E1660281148664.jpg]
[www.doing-housework.com/store_image/gerald/E1660281149626.jpg]
[www.doing-housework.com/store_image/gerald/E1660276657366.jpg]
[www.doing-housework.com/store_image/gerald/E1660276797895.jpg]
[www.geraldcats.com/products/infoe798.html]
[www.geraldcats.com/products/info392b.html]
[www.doing-housework.com/store_image/gerald/E1660276797893.jpg]
[www.geraldcats.com/products/info36a2.html]
[www.doing-housework.com/store_image/gerald/E1660276655853.jpg]
[www.doing-housework.com/store_image/gerald/E1660276656865.jpg]
[www.doing-housework.com/store_image/gerald/E1660276655362.jpg]
[www.doing-housework.com/store_image/gerald/E1660276656354.jpg]
[www.geraldcats.com/products/info71d4.html]
[www.geraldcats.com/products/info406f.html]
[www.geraldcats.com/products/infobd62.html]
[www.doing-housework.com/store_image/gerald/E1660276465733.jpg]
[www.geraldcats.com/products/info87af.html]
[www.geraldcats.com/products/info75e7.html]
[www.geraldcats.com/album/infoe072.php]
[www.geraldcats.com/images/close.png]
[www.geraldcats.com/images/prev.png]
[www.geraldcats.com/images/next.png]
[www.geraldcats.com/css/lightbox.css]
[www.geraldcats.com/images/album.svg]
[www.geraldcats.com/news/index1b95.html]
[www.geraldcats.com/news/indexc6b5.html]
[www.geraldcats.com/news/detailsa8ac.html]
[www.geraldcats.com/news/details6604.html]
[www.doing-housework.com/store_image/gerald/E1660281240944.jpg]
[www.doing-housework.com/store_image/gerald/E1660281240112.jpg]
[www.doing-housework.com/store_image/gerald/E1660281241285.jpg]
[www.doing-housework.com/store_image/gerald/E1660281240603.jpg]
[www.doing-housework.com/store_image/gerald/E1660281239621.jpg]
[www.geraldcats.com/products/infoc756.html]
[www.geraldcats.com/products/info1383.html]
[www.geraldcats.com/products/infoe9d0.html]
[www.geraldcats.com/products/infobecf.html]
[www.geraldcats.com/products/info1be0.html]
[www.geraldcats.com/products/infof841.html]
[www.geraldcats.com/products/info62e7.html]
[www.geraldcats.com/products/info615d.html]
[www.geraldcats.com/products/info1d70.html]
[www.geraldcats.com/products/infoe186.html]
[www.geraldcats.com/products/infoc48b.php]
[www.geraldcats.com/css/fixedsticky.css]
[www.geraldcats.com/products/index.html]
[www.geraldcats.com/products/inquiry_carc660.html]
[www.geraldcats.com/images/share-facebook.svg]
[www.geraldcats.com/images/share-line.svg]
[www.geraldcats.com/products/infoa3f4.php]
[www.geraldcats.com/news/index.html]
[www.geraldcats.com/news/index6f7e.html]
[www.geraldcats.com/news/indexd41d.html]
[www.geraldcats.com/news/index7ac7.html]
[www.geraldcats.com/products/inquiry_car5942.html]
[www.geraldcats.com/products/infob3cc.php]
[www.geraldcats.com/products/index5942.html]
